// Jest Snapshot v1, https://goo.gl/fbAQLP

exports[`<MaskInput /> should be able to render correctly 1`] = `
<body>
  <div>
    <div
      class="MuiFormControl-root MuiTextField-root"
    >
      <label
        class="MuiFormLabel-root MuiInputLabel-root MuiInputLabel-formControl MuiInputLabel-animated MuiInputLabel-outlined"
        data-shrink="false"
      >
        CPF
      </label>
      <div
        class="MuiInputBase-root MuiOutlinedInput-root MuiInputBase-formControl"
      >
        <input
          aria-invalid="false"
          class="MuiInputBase-input MuiOutlinedInput-input"
          data-testid="cpf"
          name="cpf"
          type="tel"
          value=""
        />
        <fieldset
          aria-hidden="true"
          class="PrivateNotchedOutline-root-1 MuiOutlinedInput-notchedOutline"
        >
          <legend
            class="PrivateNotchedOutline-legendLabelled-3"
          >
            <span>
              CPF
            </span>
          </legend>
        </fieldset>
      </div>
    </div>
  </div>
</body>
`;
